[1;38;2;255;158;94mprep[m [48;2;58;66;84m [m[1;38;2;255;158;94;48;2;58;66;84mAttention 0[m[48;2;58;66;84m [m[38;2;94;94;108m│[m [38;2;160;160;174mActionable 0[m [38;2;94;94;108m│[m [38;2;160;160;174mIn progress 1[m [38;2;94;94;108m│[m [38;2;160;160;174mTo enrich 1[m [38;2;94;94;108m│[m [38;2;160;160;174mTo define 3[m [38;2;94;94;108m│[m [38;2;160;160;174mAll 6[m 
[38;2;94;94;108m╭─[m [38;2;160;160;174mAgent[m [38;2;94;94;108m────────────────────────────────────────────────────────────────────────────────────────────────────╮[m
[38;2;94;94;108m│[m                                                                                                            [38;2;94;94;108m│[m
[38;2;94;94;108m│[m                                                                                                            [38;2;94;94;108m│[m
[38;2;94;94;108m│[m                                                                                                            [38;2;94;94;108m│[m
[38;2;94;94;108m│[m                                                                                                            [38;2;94;94;108m│[m
[38;2;94;94;108m│[m                                                                                                            [38;2;94;94;108m│[m
[38;2;94;94;108m│[m                                                                                                            [38;2;94;94;108m│[m
[38;2;94;94;108m│[m                                                                                                            [38;2;94;94;108m│[m
[38;2;94;94;108m│[m                                                                                                            [38;2;94;94;108m│[m
[38;2;94;94;108m│[m                                                                                                            [38;2;94;94;108m│[m
[38;2;94;94;108m│[m                                                                                                            [38;2;94;94;108m│[m
[38;2;94;94;108m│[m                                                                                                            [38;2;94;94;108m│[m
[38;2;94;94;108m│[m                                           [38;2;160;160;174mNo agent activity yet[m                                            [38;2;94;94;108m│[m
[38;2;94;94;108m│[m                    [38;2;94;94;108mEach prep command an agent runs in this project shows up here, live[m                     [38;2;94;94;108m│[m
[38;2;94;94;108m│[m                                                                                                            [38;2;94;94;108m│[m
[38;2;94;94;108m│[m                                                                                                            [38;2;94;94;108m│[m
[38;2;94;94;108m│[m                                                                                                            [38;2;94;94;108m│[m
[38;2;94;94;108m│[m                                                                                                            [38;2;94;94;108m│[m
[38;2;94;94;108m│[m                                                                                                            [38;2;94;94;108m│[m
[38;2;94;94;108m│[m                                                                                                            [38;2;94;94;108m│[m
[38;2;94;94;108m│[m                                                                                                            [38;2;94;94;108m│[m
[38;2;94;94;108m│[m                                                                                                            [38;2;94;94;108m│[m
[38;2;94;94;108m│[m                                                                                                            [38;2;94;94;108m│[m
[38;2;94;94;108m│[m                                                                                                            [38;2;94;94;108m│[m
[38;2;94;94;108m│[m                                                                                                            [38;2;94;94;108m│[m
[38;2;94;94;108m╰────────────────────────────────────────────────────────────────────────────────────────────────────────────╯[m
[1;38;2;228;228;234mtab[m [38;2;160;160;174mnext agent[m[38;2;94;94;108m · [m[1;38;2;228;228;234menter[m [38;2;160;160;174mopen the current issue[m[38;2;94;94;108m · [m[1;38;2;228;228;234mesc w[m [38;2;160;160;174mback to the issues[m[38;2;94;94;108m · [m[1;38;2;228;228;234m?[m [38;2;160;160;174mall keys[m[38;2;94;94;108m · [m[1;38;2;228;228;234mq[m [38;2;160;160;174mquit[m