  [38;2;228;228;234mprep[m    [1;38;2;255;158;94mIssues[m    [38;2;160;160;174mAgent[m    [38;2;160;160;174mKnowledge[m                                                                     [38;2;160;160;174m⚙[m
  [38;2;160;160;174mAttention 0[m   [38;2;160;160;174mActionable 0[m   [38;2;160;160;174mIn progress 1[m   [38;2;160;160;174mTo enrich 1[m   [38;2;160;160;174mTo define 3[m   [1;38;2;255;158;94mAll 6[m 
[38;2;94;94;108m╭─ All ────────────────────────────────────────────────────╮╭─ DZP7X3 CSV writer  0% ────────────────────────╮[m
[38;2;94;94;108m│   5AR6KF ○ open        code     ■■■■■ 0/2 Export         ││ ↑ Export                                       │[m
[38;2;94;94;108m│ ▌ DZP7X3 ▶ in progress code     ├─ CSV writer            ││   → unblocks ◐ EPMJ6R ■■■■■ 0/1 JSON writer    │[m
[38;2;94;94;108m│   EPMJ6R ◐ defined     code     └─ ■■■■■ 0/1 JSON writer ││                                                │[m
[38;2;94;94;108m│   6XTY7K ○ open        code        └─ JSON schema        ││ CSV writer                                     │[m
[38;2;94;94;108m│   HNVAX3[38;2;255;158;94m╭─[m [38;2;255;158;94;1mNew issue · 3/3[m [38;2;255;158;94m──────────────────────────────────────────────────────────────────────╮[38;2;94;94;108m         │[m
[38;2;94;94;108m│   EBHACM[38;2;255;158;94m│[m [38;2;94;94;108mTitle: [38;2;160;160;174mStream rows[m                                                                     [38;2;255;158;94m│[38;2;94;94;108m         │[m
[38;2;94;94;108m│         [38;2;255;158;94m│[m [38;2;94;94;108mKind: [38;2;160;160;174mcode[m                                                                             [38;2;255;158;94m│[38;2;94;94;108m         │[m
[38;2;94;94;108m│         [38;2;255;158;94m│[m                                                                                        [38;2;255;158;94m│[38;2;94;94;108m         │[m
[38;2;94;94;108m│         [38;2;255;158;94m│[m [38;2;255;158;94;1mRequirement[m                                                                            [38;2;255;158;94m│[38;2;94;94;108m         │[m
[38;2;94;94;108m│         [38;2;255;158;94m│[m [38;2;255;158;94m│ [mRows go to stdout.[38;2;255;158;94;7m [m                                                                  [38;2;255;158;94m│[38;2;94;94;108m         │[m
[38;2;94;94;108m│         [38;2;255;158;94m│[m [38;2;255;158;94m│ [38;2;94;94;108m                                                                                    [m [38;2;255;158;94m│[38;2;94;94;108m         │[m
[38;2;94;94;108m│         [38;2;255;158;94m│[m [38;2;255;158;94m│ [38;2;94;94;108m                                                                                    [m [38;2;255;158;94m│[38;2;94;94;108m         │[m
[38;2;94;94;108m│         [38;2;255;158;94m│[m [38;2;255;158;94m│ [38;2;94;94;108m                                                                                    [m [38;2;255;158;94m│[38;2;94;94;108m         │[m
[38;2;94;94;108m│         [38;2;255;158;94m│[m [38;2;255;158;94m│ [38;2;94;94;108m                                                                                    [m [38;2;255;158;94m│[38;2;94;94;108m         │[m
[38;2;94;94;108m│         [38;2;255;158;94m│[m [38;2;255;158;94m│ [38;2;94;94;108m                                                                                    [m [38;2;255;158;94m│[38;2;94;94;108m         │[m
[38;2;94;94;108m│         [38;2;255;158;94m│[m [38;2;255;158;94m│ [38;2;94;94;108m                                                                                    [m [38;2;255;158;94m│[38;2;94;94;108m         │[m
[38;2;94;94;108m│         [38;2;255;158;94m│[m [38;2;255;158;94m│ [38;2;94;94;108m                                                                                    [m [38;2;255;158;94m│[38;2;94;94;108m         │[m
[38;2;94;94;108m│         [38;2;255;158;94m╰────────────────────────────────────────────────────────────────────────────────────────╯[38;2;94;94;108m         │[m
[38;2;94;94;108m│                                                          ││                                                │[m
[38;2;94;94;108m│                                                          ││ D1: Use encoding/csv                           │[m
[38;2;94;94;108m│                                                          ││                                                │[m
[38;2;94;94;108m│                                                          ││ 2026-01-02                                     │[m
[38;2;94;94;108m│                                                          ││                                                │[m
[38;2;94;94;108m╰──────────────────────────────────────────────────────────╯╰────────────────────────────────────────────────╯[m
  [1;38;2;228;228;234mctrl+s[m [38;2;160;160;174mcreate[m[38;2;94;94;108m · [m[1;38;2;228;228;234mctrl+e[m [38;2;160;160;174m$EDITOR[m[38;2;94;94;108m · [m[1;38;2;228;228;234mesc[m [38;2;160;160;174mback[m