  [38;2;228;228;234mprep[m    [1;38;2;255;158;94mIssues[m    [38;2;160;160;174mAgent[m    [38;2;160;160;174mKnowledge[m                                       [38;2;160;160;174m⚙[m
  [38;2;160;160;174mAttention 0[m   [38;2;160;160;174mActionable 0[m   [38;2;160;160;174mIn progress 1[m   [38;2;160;160;174mTo enrich 1[m   [38;2;160;160;174mTo define 3[m   [1;38;2;255;158;94mAl…[m
[38;2;94;94;108m╭─ All ────────────────────────────────────────────────────────────────────────╮[m
[38;2;94;94;108m│   5AR6KF ○ open        code     ■■■■■ 0/2 Export                             │[m
[38;2;94;94;108m│ ▌ DZP7X3 ▶ in progress code     ├─ CSV writer                                │[m
[38;2;94;94;108m│   EPMJ6R ◐ defined     code     └─ ■■■■■ 0/1 JSON writer                     │[m
[38;2;94;94;108m│   6XTY7K ○ open        code        └─ JSON schema                            │[m
[38;2;94;94;108m│   HNVAX3 ✓ done        decision Choose the default format                    │[m
[38;2;94;94;108m│ [38;2;255;158;94m╭─[m [38;2;255;158;94;1mNew issue · 2/3[m [38;2;255;158;94m────────────────────────────────────────────────────────╮[38;2;94;94;108m │[m
[38;2;94;94;108m│ [38;2;255;158;94m│[m [38;2;94;94;108mTitle: [38;2;160;160;174mStream rows[m                                                       [38;2;255;158;94m│[38;2;94;94;108m │[m
[38;2;94;94;108m│ [38;2;255;158;94m│[m                                                                          [38;2;255;158;94m│[38;2;94;94;108m │[m
[38;2;94;94;108m│ [38;2;255;158;94m│[m [38;2;255;158;94;1mKind[m                                                                     [38;2;255;158;94m│[38;2;94;94;108m │[m
[38;2;94;94;108m│ [38;2;255;158;94m│[m [48;2;58;66;84m [38;2;255;158;94;1mc[38;2;228;228;234;49;22mode[m   [38;2;255;158;94;1mm[38;2;228;228;234;22manual[m   [38;2;255;158;94;1mr[38;2;228;228;234;22mesearch[m   [38;2;255;158;94;1md[38;2;228;228;234;22mecision[m                                     [38;2;255;158;94m│[38;2;94;94;108m │[m
[38;2;94;94;108m│ [38;2;255;158;94m│[m                                                                          [38;2;255;158;94m│[38;2;94;94;108m │[m
[38;2;94;94;108m│ [38;2;255;158;94m│[m [38;2;94;94;108mits letter picks it · arrows and enter work too · esc goes back[m          [38;2;255;158;94m│[38;2;94;94;108m │[m
[38;2;94;94;108m│ [38;2;255;158;94m╰──────────────────────────────────────────────────────────────────────────╯[38;2;94;94;108m │[m
[38;2;94;94;108m│                                                                              │[m
[38;2;94;94;108m│                                                                              │[m
[38;2;94;94;108m│                                                                              │[m
[38;2;94;94;108m│                                                                              │[m
[38;2;94;94;108m│                                                                              │[m
[38;2;94;94;108m│                                                                              │[m
[38;2;94;94;108m╰──────────────────────────────────────────────────────────────────────────────╯[m
  [1;38;2;228;228;234menter[m [38;2;160;160;174mcontinue[m[38;2;94;94;108m · [m[1;38;2;228;228;234mesc[m [38;2;160;160;174mback[m